{
  "version": "1.4.0",
  "plugins_used": [
    {
      "name": "ArtifactoryDetector"
    },
    {
      "name": "AWSKeyDetector"
    },
    {
      "name": "AzureStorageKeyDetector"
    },
    {
      "name": "Base64HighEntropyString",
      "limit": 4.5
    },
    {
      "name": "BasicAuthDetector"
    },
    {
      "name": "CloudantDetector"
    },
    {
      "name": "DiscordBotTokenDetector"
    },
    {
      "name": "GitHubTokenDetector"
    },
    {
      "name": "HexHighEntropyString",
      "limit": 3.0
    },
    {
      "name": "IbmCloudIamDetector"
    },
    {
      "name": "IbmCosHmacDetector"
    },
    {
      "name": "JwtTokenDetector"
    },
    {
      "name": "KeywordDetector",
      "keyword_exclude": ""
    },
    {
      "name": "MailchimpDetector"
    },
    {
      "name": "NpmDetector"
    },
    {
      "name": "PrivateKeyDetector"
    },
    {
      "name": "SendGridDetector"
    },
    {
      "name": "SlackDetector"
    },
    {
      "name": "SoftlayerDetector"
    },
    {
      "name": "SquareOAuthDetector"
    },
    {
      "name": "StripeDetector"
    },
    {
      "name": "TwilioKeyDetector"
    }
  ],
  "filters_used": [
    {
      "path": "detect_secrets.filters.allowlist.is_line_allowlisted"
    },
    {
      "path": "detect_secrets.filters.common.is_ignored_due_to_verification_policies",
      "min_level": 2
    },
    {
      "path": "detect_secrets.filters.heuristic.is_indirect_reference"
    },
    {
      "path": "detect_secrets.filters.heuristic.is_likely_id_string"
    },
    {
      "path": "detect_secrets.filters.heuristic.is_lock_file"
    },
    {
      "path": "detect_secrets.filters.heuristic.is_not_alphanumeric_string"
    },
    {
      "path": "detect_secrets.filters.heuristic.is_potential_uuid"
    },
    {
      "path": "detect_secrets.filters.heuristic.is_prefixed_with_dollar_sign"
    },
    {
      "path": "detect_secrets.filters.heuristic.is_sequential_string"
    },
    {
      "path": "detect_secrets.filters.heuristic.is_swagger_file"
    },
    {
      "path": "detect_secrets.filters.heuristic.is_templated_secret"
    }
  ],
  "results": {
    ".env.template": [
      {
        "type": "Secret Keyword",
        "filename": ".env.template",
        "hashed_secret": "c2de329f63aa629c82df5747e0a299e1675e8d27",
        "is_verified": false,
        "line_number": 3
      }
    ],
    "README.md": [
      {
        "type": "Secret Keyword",
        "filename": "README.md",
        "hashed_secret": "52f829ef56d9bcb24ec84531e4fa46a83606c8be",
        "is_verified": false,
        "line_number": 123
      }
    ],
    "app/config/client.ts": [
      {
        "type": "Hex High Entropy String",
        "filename": "app/config/client.ts",
        "hashed_secret": "ee17275fe9d5d7b316ea70d24df9b75abbd07cc1",
        "is_verified": false,
        "line_number": 10
      }
    ],
    "app/locales/cn.ts": [
      {
        "type": "Secret Keyword",
        "filename": "app/locales/cn.ts",
        "hashed_secret": "90776da49ccc4fba27533e0a9fe643800d070454",
        "is_verified": false,
        "line_number": 215
      }
    ],
    "app/locales/en.ts": [
      {
        "type": "Secret Keyword",
        "filename": "app/locales/en.ts",
        "hashed_secret": "8be3c943b1609fffbfc51aad666d0a04adf83c9d",
        "is_verified": false,
        "line_number": 215
      },
      {
        "type": "Secret Keyword",
        "filename": "app/locales/en.ts",
        "hashed_secret": "90776da49ccc4fba27533e0a9fe643800d070454",
        "is_verified": false,
        "line_number": 221
      }
    ],
    "app/locales/id.ts": [
      {
        "type": "Secret Keyword",
        "filename": "app/locales/id.ts",
        "hashed_secret": "4a022f45dd1ba098430be9f58062c5bb2d7c9ea1",
        "is_verified": false,
        "line_number": 191
      }
    ],
    "src-tauri/tauri.conf.json": [
      {
        "type": "Base64 High Entropy String",
        "filename": "src-tauri/tauri.conf.json",
        "hashed_secret": "6cc8fcd4c98a775f100e057991150937f676ffae",
        "is_verified": false,
        "line_number": 100
      }
    ]
  },
  "generated_at": "2024-04-22T09:35:47Z"
}
